Http::asForm()
    ->post('https://example.com', [
        'foo' => 'bar',
    ]);
