Http::withBody('{"name": "example.com", "ip_address": "127.0.0.1"}')
    ->withToken('abcdef0123456789')
    ->post('https://api.digitalocean.com/v2/domains')
