Http::asForm()
    ->put('https://example.com', [
        'foo' => 'bar',
        'baz' => 'qui',
    ]);
